===== ANALYST ling3 2026-09-03 17:06:41 UTC =====
[91m[1mError: [0m{
  "name": "UnknownError",
  "data": {
    "message": "Unexpected server error. Check server logs for details.",
    "ref": "err_8bfe3f81"
  }
}
===== ANALYST ling3 2026-09-03 19:50:40 UTC =====
[91m[1mError: [0m{
  "name": "UnknownError",
  "data": {
    "message": "Unexpected server error. Check server logs for details.",
    "ref": "err_c8af6ad8"
  }
}
===== ANALYST ling3 2026-09-03 22:27:33 UTC =====
[91m[1mError: [0m{
  "name": "UnknownError",
  "data": {
    "message": "Unexpected server error. Check server logs for details.",
    "ref": "err_3ffbfae9"
  }
}
===== ANALYST ling3 2026-09-04 00:31:30 UTC =====
[91m[1mError: [0m{
  "name": "UnknownError",
  "data": {
    "message": "Unexpected server error. Check server logs for details.",
    "ref": "err_c2031261"
  }
}
===== ANALYST ling3 2026-09-04 05:15:50 UTC =====
[91m[1mError: [0m{
  "name": "UnknownError",
  "data": {
    "message": "Unexpected server error. Check server logs for details.",
    "ref": "err_da0be219"
  }
}
===== ANALYST ling3 2026-09-04 09:47:59 UTC =====
[91m[1mError: [0m{
  "name": "UnknownError",
  "data": {
    "message": "Unexpected server error. Check server logs for details.",
    "ref": "err_94c4f924"
  }
}
===== ANALYST ling3 2026-09-04 14:13:20 UTC =====
[91m[1mError: [0m{
  "name": "UnknownError",
  "data": {
    "message": "Unexpected server error. Check server logs for details.",
    "ref": "err_7e9e93cd"
  }
}
===== ANALYST ling3 2026-09-04 17:48:30 UTC =====
[91m[1mError: [0m{
  "name": "UnknownError",
  "data": {
    "message": "Unexpected server error. Check server logs for details.",
    "ref": "err_ad9f9937"
  }
}
===== ANALYST ling3 2026-09-04 20:06:39 UTC =====
[91m[1mError: [0m{
  "name": "UnknownError",
  "data": {
    "message": "Unexpected server error. Check server logs for details.",
    "ref": "err_f127a06e"
  }
}
===== ANALYST ling3 2026-09-04 22:16:28 UTC =====
[91m[1mError: [0m{
  "name": "UnknownError",
  "data": {
    "message": "Unexpected server error. Check server logs for details.",
    "ref": "err_f9f38bef"
  }
}
===== ANALYST ling3 2026-09-05 00:13:47 UTC =====
[91m[1mError: [0m{
  "name": "UnknownError",
  "data": {
    "message": "Unexpected server error. Check server logs for details.",
    "ref": "err_d6361118"
  }
}
===== ANALYST ling3 2026-09-05 04:42:31 UTC =====
[91m[1mError: [0m{
  "name": "UnknownError",
  "data": {
    "message": "Unexpected server error. Check server logs for details.",
    "ref": "err_ddba0f35"
  }
}
===== ANALYST ling3 2026-09-05 08:47:48 UTC =====
[91m[1mError: [0m{
  "name": "UnknownError",
  "data": {
    "message": "Unexpected server error. Check server logs for details.",
    "ref": "err_d1e23d6a"
  }
}
===== ANALYST ling3 2026-09-05 12:24:14 UTC =====
[91m[1mError: [0m{
  "name": "UnknownError",
  "data": {
    "message": "Unexpected server error. Check server logs for details.",
    "ref": "err_1e6871e5"
  }
}
===== ANALYST ling3 2026-09-05 15:25:18 UTC =====
[91m[1mError: [0m{
  "name": "UnknownError",
  "data": {
    "message": "Unexpected server error. Check server logs for details.",
    "ref": "err_2f6a44df"
  }
}
===== ANALYST ling3 2026-09-05 17:41:27 UTC =====
[91m[1mError: [0m{
  "name": "UnknownError",
  "data": {
    "message": "Unexpected server error. Check server logs for details.",
    "ref": "err_871415a9"
  }
}
===== ANALYST ling3 2026-09-05 19:35:16 UTC =====
[91m[1mError: [0m{
  "name": "UnknownError",
  "data": {
    "message": "Unexpected server error. Check server logs for details.",
    "ref": "err_de2b2a14"
  }
}
===== ANALYST ling3 2026-09-05 21:46:55 UTC =====
[91m[1mError: [0m{
  "name": "UnknownError",
  "data": {
    "message": "Unexpected server error. Check server logs for details.",
    "ref": "err_6fdd0308"
  }
}
===== ANALYST ling3 2026-09-05 23:40:37 UTC =====
[91m[1mError: [0m{
  "name": "UnknownError",
  "data": {
    "message": "Unexpected server error. Check server logs for details.",
    "ref": "err_8ee464fb"
  }
}
===== ANALYST ling3 2026-09-06 01:22:41 UTC =====
[91m[1mError: [0m{
  "name": "UnknownError",
  "data": {
    "message": "Unexpected server error. Check server logs for details.",
    "ref": "err_aa8cf354"
  }
}
===== ANALYST ling3 2026-09-06 06:13:52 UTC =====
[91m[1mError: [0m{
  "name": "UnknownError",
  "data": {
    "message": "Unexpected server error. Check server logs for details.",
    "ref": "err_b4cb74e0"
  }
}
===== ANALYST ling3 2026-09-06 11:13:25 UTC =====
[91m[1mError: [0m{
  "name": "UnknownError",
  "data": {
    "message": "Unexpected server error. Check server logs for details.",
    "ref": "err_a178d64f"
  }
}
===== ANALYST ling3 2026-09-06 14:18:43 UTC =====
[91m[1mError: [0m{
  "name": "UnknownError",
  "data": {
    "message": "Unexpected server error. Check server logs for details.",
    "ref": "err_df66e668"
  }
}
===== ANALYST ling3 2026-09-06 17:15:23 UTC =====
[91m[1mError: [0m{
  "name": "UnknownError",
  "data": {
    "message": "Unexpected server error. Check server logs for details.",
    "ref": "err_fa354c62"
  }
}
===== ANALYST ling3 2026-09-06 19:33:25 UTC =====
[91m[1mError: [0m{
  "name": "UnknownError",
  "data": {
    "message": "Unexpected server error. Check server logs for details.",
    "ref": "err_84e868a7"
  }
}
===== ANALYST ling3 2026-09-06 21:31:01 UTC =====
[91m[1mError: [0m{
  "name": "UnknownError",
  "data": {
    "message": "Unexpected server error. Check server logs for details.",
    "ref": "err_e14a2e41"
  }
}
===== ANALYST ling3 2026-09-06 23:10:21 UTC =====
[91m[1mError: [0m{
  "name": "UnknownError",
  "data": {
    "message": "Unexpected server error. Check server logs for details.",
    "ref": "err_ad74295a"
  }
}
===== ANALYST ling3 2026-09-07 01:10:34 UTC =====
[91m[1mError: [0m{
  "name": "UnknownError",
  "data": {
    "message": "Unexpected server error. Check server logs for details.",
    "ref": "err_3741bee0"
  }
}
===== ANALYST ling3 2026-09-07 06:14:14 UTC =====
[91m[1mError: [0m{
  "name": "UnknownError",
  "data": {
    "message": "Unexpected server error. Check server logs for details.",
    "ref": "err_7521ca8d"
  }
}
===== ANALYST ling3 2026-09-07 13:02:47 UTC =====
[91m[1mError: [0m{
  "name": "UnknownError",
  "data": {
    "message": "Unexpected server error. Check server logs for details.",
    "ref": "err_f109c642"
  }
}
===== ANALYST ling3 2026-09-07 18:17:13 UTC =====
[91m[1mError: [0m{
  "name": "UnknownError",
  "data": {
    "message": "Unexpected server error. Check server logs for details.",
    "ref": "err_a5e2d883"
  }
}
===== ANALYST ling3 2026-09-07 21:38:03 UTC =====
[91m[1mError: [0m{
  "name": "UnknownError",
  "data": {
    "message": "Unexpected server error. Check server logs for details.",
    "ref": "err_3a067e92"
  }
}
===== ANALYST ling3 2026-09-07 23:50:53 UTC =====
[91m[1mError: [0m{
  "name": "UnknownError",
  "data": {
    "message": "Unexpected server error. Check server logs for details.",
    "ref": "err_60c84239"
  }
}
===== ANALYST ling3 2026-09-08 03:47:56 UTC =====
[91m[1mError: [0m{
  "name": "UnknownError",
  "data": {
    "message": "Unexpected server error. Check server logs for details.",
    "ref": "err_62aec4a8"
  }
}
===== ANALYST ling3 2026-09-08 08:47:24 UTC =====
[91m[1mError: [0m{
  "name": "UnknownError",
  "data": {
    "message": "Unexpected server error. Check server logs for details.",
    "ref": "err_f41f1e01"
  }
}
===== ANALYST ling3 2026-09-08 13:29:53 UTC =====
[91m[1mError: [0m{
  "name": "UnknownError",
  "data": {
    "message": "Unexpected server error. Check server logs for details.",
    "ref": "err_ced62369"
  }
}
===== ANALYST ling3 2026-09-08 17:34:52 UTC =====
[91m[1mError: [0m{
  "name": "UnknownError",
  "data": {
    "message": "Unexpected server error. Check server logs for details.",
    "ref": "err_0e46b7e3"
  }
}
===== ANALYST ling3 2026-09-08 20:24:31 UTC =====
[91m[1mError: [0m{
  "name": "UnknownError",
  "data": {
    "message": "Unexpected server error. Check server logs for details.",
    "ref": "err_e21dbffe"
  }
}
===== ANALYST ling3 2026-09-08 22:47:36 UTC =====
[91m[1mError: [0m{
  "name": "UnknownError",
  "data": {
    "message": "Unexpected server error. Check server logs for details.",
    "ref": "err_ab8f6dcd"
  }
}
===== ANALYST ling3 2026-09-09 01:20:26 UTC =====
[91m[1mError: [0m{
  "name": "UnknownError",
  "data": {
    "message": "Unexpected server error. Check server logs for details.",
    "ref": "err_b7aa6320"
  }
}
===== ANALYST ling3 2026-09-09 06:14:14 UTC =====
[91m[1mError: [0m{
  "name": "UnknownError",
  "data": {
    "message": "Unexpected server error. Check server logs for details.",
    "ref": "err_7acbecc3"
  }
}
===== ANALYST ling3 2026-09-09 11:38:19 UTC =====
[91m[1mError: [0m{
  "name": "UnknownError",
  "data": {
    "message": "Unexpected server error. Check server logs for details.",
    "ref": "err_1fc897b6"
  }
}
===== ANALYST ling3 2026-09-09 15:26:52 UTC =====
[91m[1mError: [0m{
  "name": "UnknownError",
  "data": {
    "message": "Unexpected server error. Check server logs for details.",
    "ref": "err_dd99ee54"
  }
}
===== ANALYST ling3 2026-09-09 18:43:43 UTC =====
[91m[1mError: [0m{
  "name": "UnknownError",
  "data": {
    "message": "Unexpected server error. Check server logs for details.",
    "ref": "err_a6f15b05"
  }
}
===== ANALYST ling3 2026-09-09 21:34:28 UTC =====
[91m[1mError: [0m{
  "name": "UnknownError",
  "data": {
    "message": "Unexpected server error. Check server logs for details.",
    "ref": "err_3321dc8d"
  }
}
===== ANALYST ling3 2026-09-09 23:34:20 UTC =====
[91m[1mError: [0m{
  "name": "UnknownError",
  "data": {
    "message": "Unexpected server error. Check server logs for details.",
    "ref": "err_5f363e3b"
  }
}
===== ANALYST ling3 2026-09-10 01:30:52 UTC =====
[91m[1mError: [0m{
  "name": "UnknownError",
  "data": {
    "message": "Unexpected server error. Check server logs for details.",
    "ref": "err_749f5ca7"
  }
}
===== ANALYST ling3 2026-09-10 06:51:22 UTC =====
[91m[1mError: [0m{
  "name": "UnknownError",
  "data": {
    "message": "Unexpected server error. Check server logs for details.",
    "ref": "err_4d1d9bd4"
  }
}
===== ANALYST ling3 2026-09-10 11:55:06 UTC =====
[91m[1mError: [0m{
  "name": "UnknownError",
  "data": {
    "message": "Unexpected server error. Check server logs for details.",
    "ref": "err_8b02dc7c"
  }
}
===== ANALYST ling3 2026-09-10 16:06:24 UTC =====
[91m[1mError: [0m{
  "name": "UnknownError",
  "data": {
    "message": "Unexpected server error. Check server logs for details.",
    "ref": "err_39917112"
  }
}
===== ANALYST ling3 2026-09-10 19:11:27 UTC =====
[91m[1mError: [0m{
  "name": "UnknownError",
  "data": {
    "message": "Unexpected server error. Check server logs for details.",
    "ref": "err_111e64d9"
  }
}
===== ANALYST ling3 2026-09-10 21:45:08 UTC =====
[91m[1mError: [0m{
  "name": "UnknownError",
  "data": {
    "message": "Unexpected server error. Check server logs for details.",
    "ref": "err_b72db15b"
  }
}
===== ANALYST ling3 2026-09-10 23:53:16 UTC =====
[91m[1mError: [0m{
  "name": "UnknownError",
  "data": {
    "message": "Unexpected server error. Check server logs for details.",
    "ref": "err_b92b4a2d"
  }
}
===== ANALYST ling3 2026-09-11 03:49:15 UTC =====
[91m[1mError: [0m{
  "name": "UnknownError",
  "data": {
    "message": "Unexpected server error. Check server logs for details.",
    "ref": "err_eb90bfe2"
  }
}
===== ANALYST ling3 2026-09-11 08:51:48 UTC =====
[91m[1mError: [0m{
  "name": "UnknownError",
  "data": {
    "message": "Unexpected server error. Check server logs for details.",
    "ref": "err_8a101af2"
  }
}
===== ANALYST ling3 2026-09-11 13:35:51 UTC =====
[91m[1mError: [0m{
  "name": "UnknownError",
  "data": {
    "message": "Unexpected server error. Check server logs for details.",
    "ref": "err_1c1f2148"
  }
}
===== ANALYST ling3 2026-09-11 17:15:33 UTC =====
[91m[1mError: [0m{
  "name": "UnknownError",
  "data": {
    "message": "Unexpected server error. Check server logs for details.",
    "ref": "err_b142a487"
  }
}
===== ANALYST ling3 2026-09-11 19:53:48 UTC =====
[91m[1mError: [0m{
  "name": "UnknownError",
  "data": {
    "message": "Unexpected server error. Check server logs for details.",
    "ref": "err_5a94c171"
  }
}
===== ANALYST ling3 2026-09-11 22:23:18 UTC =====
[91m[1mError: [0m{
  "name": "UnknownError",
  "data": {
    "message": "Unexpected server error. Check server logs for details.",
    "ref": "err_b5cdc906"
  }
}
===== ANALYST ling3 2026-09-12 00:42:49 UTC =====
[91m[1mError: [0m{
  "name": "UnknownError",
  "data": {
    "message": "Unexpected server error. Check server logs for details.",
    "ref": "err_032d335f"
  }
}
===== ANALYST ling3 2026-09-12 05:08:13 UTC =====
[91m[1mError: [0m{
  "name": "UnknownError",
  "data": {
    "message": "Unexpected server error. Check server logs for details.",
    "ref": "err_07161768"
  }
}
===== ANALYST ling3 2026-09-12 09:30:46 UTC =====
[91m[1mError: [0m{
  "name": "UnknownError",
  "data": {
    "message": "Unexpected server error. Check server logs for details.",
    "ref": "err_81d19628"
  }
}
===== ANALYST ling3 2026-09-12 13:17:06 UTC =====
[91m[1mError: [0m{
  "name": "UnknownError",
  "data": {
    "message": "Unexpected server error. Check server logs for details.",
    "ref": "err_4313eb62"
  }
}
===== ANALYST ling3 2026-09-12 16:24:46 UTC =====
[91m[1mError: [0m{
  "name": "UnknownError",
  "data": {
    "message": "Unexpected server error. Check server logs for details.",
    "ref": "err_6eee9882"
  }
}
===== ANALYST ling3 2026-09-12 18:49:28 UTC =====
[91m[1mError: [0m{
  "name": "UnknownError",
  "data": {
    "message": "Unexpected server error. Check server logs for details.",
    "ref": "err_7ce9f081"
  }
}
===== ANALYST ling3 2026-09-12 21:25:02 UTC =====
[91m[1mError: [0m{
  "name": "UnknownError",
  "data": {
    "message": "Unexpected server error. Check server logs for details.",
    "ref": "err_f9eb8821"
  }
}
===== ANALYST ling3 2026-09-12 23:07:48 UTC =====
[91m[1mError: [0m{
  "name": "UnknownError",
  "data": {
    "message": "Unexpected server error. Check server logs for details.",
    "ref": "err_1223313f"
  }
}
===== ANALYST ling3 2026-09-13 01:12:22 UTC =====
[91m[1mError: [0m{
  "name": "UnknownError",
  "data": {
    "message": "Unexpected server error. Check server logs for details.",
    "ref": "err_61334e32"
  }
}
===== ANALYST ling3 2026-09-13 06:20:53 UTC =====
[91m[1mError: [0m{
  "name": "UnknownError",
  "data": {
    "message": "Unexpected server error. Check server logs for details.",
    "ref": "err_2b86b08f"
  }
}
===== ANALYST ling3 2026-09-13 12:10:57 UTC =====
[91m[1mError: [0m{
  "name": "UnknownError",
  "data": {
    "message": "Unexpected server error. Check server logs for details.",
    "ref": "err_baed75ef"
  }
}
===== ANALYST ling3 2026-09-13 16:38:20 UTC =====
[91m[1mError: [0m{
  "name": "UnknownError",
  "data": {
    "message": "Unexpected server error. Check server logs for details.",
    "ref": "err_c9a27ce3"
  }
}
===== ANALYST ling3 2026-09-13 19:03:46 UTC =====
[91m[1mError: [0m{
  "name": "UnknownError",
  "data": {
    "message": "Unexpected server error. Check server logs for details.",
    "ref": "err_766b69f8"
  }
}
===== ANALYST ling3 2026-09-13 21:23:09 UTC =====
[91m[1mError: [0m{
  "name": "UnknownError",
  "data": {
    "message": "Unexpected server error. Check server logs for details.",
    "ref": "err_b55b1fcf"
  }
}
===== ANALYST ling3 2026-09-13 23:32:28 UTC =====
[91m[1mError: [0m{
  "name": "UnknownError",
  "data": {
    "message": "Unexpected server error. Check server logs for details.",
    "ref": "err_12d3ecb6"
  }
}
===== ANALYST ling3 2026-09-14 01:42:14 UTC =====
[91m[1mError: [0m{
  "name": "UnknownError",
  "data": {
    "message": "Unexpected server error. Check server logs for details.",
    "ref": "err_a4045123"
  }
}
===== ANALYST ling3 2026-09-14 07:26:57 UTC =====
[91m[1mError: [0m{
  "name": "UnknownError",
  "data": {
    "message": "Unexpected server error. Check server logs for details.",
    "ref": "err_e44bae22"
  }
}
===== ANALYST ling3 2026-09-14 14:19:43 UTC =====
[91m[1mError: [0m{
  "name": "UnknownError",
  "data": {
    "message": "Unexpected server error. Check server logs for details.",
    "ref": "err_19aa0785"
  }
}
===== ANALYST ling3 2026-09-14 19:31:49 UTC =====
[91m[1mError: [0m{
  "name": "UnknownError",
  "data": {
    "message": "Unexpected server error. Check server logs for details.",
    "ref": "err_9df71142"
  }
}
===== ANALYST ling3 2026-09-14 22:50:09 UTC =====
[91m[1mError: [0m{
  "name": "UnknownError",
  "data": {
    "message": "Unexpected server error. Check server logs for details.",
    "ref": "err_feeb400d"
  }
}
===== ANALYST ling3 2026-09-15 01:21:56 UTC =====
[91m[1mError: [0m{
  "name": "UnknownError",
  "data": {
    "message": "Unexpected server error. Check server logs for details.",
    "ref": "err_4a325478"
  }
}
===== ANALYST ling3 2026-09-15 06:16:37 UTC =====
[91m[1mError: [0m{
  "name": "UnknownError",
  "data": {
    "message": "Unexpected server error. Check server logs for details.",
    "ref": "err_fea78d66"
  }
}
===== ANALYST ling3 2026-09-15 11:55:39 UTC =====
[91m[1mError: [0m{
  "name": "UnknownError",
  "data": {
    "message": "Unexpected server error. Check server logs for details.",
    "ref": "err_e70443aa"
  }
}
===== ANALYST ling3 2026-09-15 16:36:51 UTC =====
[91m[1mError: [0m{
  "name": "UnknownError",
  "data": {
    "message": "Unexpected server error. Check server logs for details.",
    "ref": "err_f57046d6"
  }
}
===== ANALYST ling3 2026-09-15 20:01:57 UTC =====
[91m[1mError: [0m{
  "name": "UnknownError",
  "data": {
    "message": "Unexpected server error. Check server logs for details.",
    "ref": "err_c6c3505a"
  }
}
===== ANALYST ling3 2026-09-15 22:59:31 UTC =====
[91m[1mError: [0m{
  "name": "UnknownError",
  "data": {
    "message": "Unexpected server error. Check server logs for details.",
    "ref": "err_c180c825"
  }
}
===== ANALYST ling3 2026-09-16 01:11:40 UTC =====
[91m[1mError: [0m{
  "name": "UnknownError",
  "data": {
    "message": "Unexpected server error. Check server logs for details.",
    "ref": "err_914165f7"
  }
}
===== ANALYST ling3 2026-09-16 06:13:19 UTC =====
[91m[1mError: [0m{
  "name": "UnknownError",
  "data": {
    "message": "Unexpected server error. Check server logs for details.",
    "ref": "err_97409052"
  }
}
===== ANALYST ling3 2026-09-16 11:50:44 UTC =====
[91m[1mError: [0m{
  "name": "UnknownError",
  "data": {
    "message": "Unexpected server error. Check server logs for details.",
    "ref": "err_24e1e06f"
  }
}
===== ANALYST ling3 2026-09-16 16:35:32 UTC =====
[91m[1mError: [0m{
  "name": "UnknownError",
  "data": {
    "message": "Unexpected server error. Check server logs for details.",
    "ref": "err_2cb6349f"
  }
}
===== ANALYST ling3 2026-09-16 20:01:18 UTC =====
[91m[1mError: [0m{
  "name": "UnknownError",
  "data": {
    "message": "Unexpected server error. Check server logs for details.",
    "ref": "err_d5241de3"
  }
}
===== ANALYST ling3 2026-09-16 22:45:47 UTC =====
[91m[1mError: [0m{
  "name": "UnknownError",
  "data": {
    "message": "Unexpected server error. Check server logs for details.",
    "ref": "err_9fefbddf"
  }
}
===== ANALYST ling3 2026-09-17 01:12:34 UTC =====
[91m[1mError: [0m{
  "name": "UnknownError",
  "data": {
    "message": "Unexpected server error. Check server logs for details.",
    "ref": "err_051ec186"
  }
}
===== ANALYST ling3 2026-09-17 06:15:33 UTC =====
[91m[1mError: [0m{
  "name": "UnknownError",
  "data": {
    "message": "Unexpected server error. Check server logs for details.",
    "ref": "err_9996d75b"
  }
}
===== ANALYST ling3 2026-09-17 11:58:16 UTC =====
[91m[1mError: [0m{
  "name": "UnknownError",
  "data": {
    "message": "Unexpected server error. Check server logs for details.",
    "ref": "err_199076b5"
  }
}
===== ANALYST ling3 2026-09-17 16:35:53 UTC =====
[91m[1mError: [0m{
  "name": "UnknownError",
  "data": {
    "message": "Unexpected server error. Check server logs for details.",
    "ref": "err_018d42d0"
  }
}
===== ANALYST ling3 2026-09-17 19:52:08 UTC =====
[91m[1mError: [0m{
  "name": "UnknownError",
  "data": {
    "message": "Unexpected server error. Check server logs for details.",
    "ref": "err_77dd75f2"
  }
}
