===== ANALYST laguna 2026-09-03 17:06:41 UTC =====
[91m[1mError: [0m{
  "name": "UnknownError",
  "data": {
    "message": "Unexpected server error. Check server logs for details.",
    "ref": "err_aa36a505"
  }
}
===== ANALYST laguna 2026-09-03 19:50:40 UTC =====
[91m[1mError: [0m{
  "name": "UnknownError",
  "data": {
    "message": "Unexpected server error. Check server logs for details.",
    "ref": "err_e737e72a"
  }
}
===== ANALYST laguna 2026-09-03 22:27:33 UTC =====
[91m[1mError: [0m{
  "name": "UnknownError",
  "data": {
    "message": "Unexpected server error. Check server logs for details.",
    "ref": "err_23efa911"
  }
}
===== ANALYST laguna 2026-09-04 00:31:30 UTC =====
[91m[1mError: [0m{
  "name": "UnknownError",
  "data": {
    "message": "Unexpected server error. Check server logs for details.",
    "ref": "err_ec95cf4d"
  }
}
===== ANALYST laguna 2026-09-04 05:15:50 UTC =====
[91m[1mError: [0m{
  "name": "UnknownError",
  "data": {
    "message": "Unexpected server error. Check server logs for details.",
    "ref": "err_53e156f6"
  }
}
===== ANALYST laguna 2026-09-04 09:47:59 UTC =====
[91m[1mError: [0m{
  "name": "UnknownError",
  "data": {
    "message": "Unexpected server error. Check server logs for details.",
    "ref": "err_779a425a"
  }
}
===== ANALYST laguna 2026-09-04 14:13:20 UTC =====
[91m[1mError: [0m{
  "name": "UnknownError",
  "data": {
    "message": "Unexpected server error. Check server logs for details.",
    "ref": "err_3de92616"
  }
}
===== ANALYST laguna 2026-09-04 17:48:30 UTC =====
[91m[1mError: [0m{
  "name": "UnknownError",
  "data": {
    "message": "Unexpected server error. Check server logs for details.",
    "ref": "err_f6c13ad0"
  }
}
===== ANALYST laguna 2026-09-04 20:06:39 UTC =====
[91m[1mError: [0m{
  "name": "UnknownError",
  "data": {
    "message": "Unexpected server error. Check server logs for details.",
    "ref": "err_9355e689"
  }
}
===== ANALYST laguna 2026-09-04 22:16:28 UTC =====
[91m[1mError: [0m{
  "name": "UnknownError",
  "data": {
    "message": "Unexpected server error. Check server logs for details.",
    "ref": "err_11615f2c"
  }
}
===== ANALYST laguna 2026-09-05 00:13:47 UTC =====
[91m[1mError: [0m{
  "name": "UnknownError",
  "data": {
    "message": "Unexpected server error. Check server logs for details.",
    "ref": "err_bd03d07b"
  }
}
===== ANALYST laguna 2026-09-05 04:42:31 UTC =====
[91m[1mError: [0m{
  "name": "UnknownError",
  "data": {
    "message": "Unexpected server error. Check server logs for details.",
    "ref": "err_a9025767"
  }
}
===== ANALYST laguna 2026-09-05 08:47:48 UTC =====
[91m[1mError: [0m{
  "name": "UnknownError",
  "data": {
    "message": "Unexpected server error. Check server logs for details.",
    "ref": "err_cc413c57"
  }
}
===== ANALYST laguna 2026-09-05 12:24:14 UTC =====
[91m[1mError: [0m{
  "name": "UnknownError",
  "data": {
    "message": "Unexpected server error. Check server logs for details.",
    "ref": "err_43ffa8d9"
  }
}
===== ANALYST laguna 2026-09-05 15:25:18 UTC =====
[91m[1mError: [0m{
  "name": "UnknownError",
  "data": {
    "message": "Unexpected server error. Check server logs for details.",
    "ref": "err_20a5f079"
  }
}
===== ANALYST laguna 2026-09-05 17:41:27 UTC =====
[91m[1mError: [0m{
  "name": "UnknownError",
  "data": {
    "message": "Unexpected server error. Check server logs for details.",
    "ref": "err_ad143361"
  }
}
===== ANALYST laguna 2026-09-05 19:35:16 UTC =====
[91m[1mError: [0m{
  "name": "UnknownError",
  "data": {
    "message": "Unexpected server error. Check server logs for details.",
    "ref": "err_9da78439"
  }
}
===== ANALYST laguna 2026-09-05 21:46:55 UTC =====
[91m[1mError: [0m{
  "name": "UnknownError",
  "data": {
    "message": "Unexpected server error. Check server logs for details.",
    "ref": "err_4673bc9e"
  }
}
===== ANALYST laguna 2026-09-05 23:40:37 UTC =====
[91m[1mError: [0m{
  "name": "UnknownError",
  "data": {
    "message": "Unexpected server error. Check server logs for details.",
    "ref": "err_c7f9f307"
  }
}
===== ANALYST laguna 2026-09-06 01:22:41 UTC =====
[91m[1mError: [0m{
  "name": "UnknownError",
  "data": {
    "message": "Unexpected server error. Check server logs for details.",
    "ref": "err_31fa6e5f"
  }
}
===== ANALYST laguna 2026-09-06 06:13:52 UTC =====
[91m[1mError: [0m{
  "name": "UnknownError",
  "data": {
    "message": "Unexpected server error. Check server logs for details.",
    "ref": "err_46c799b0"
  }
}
===== ANALYST laguna 2026-09-06 11:13:25 UTC =====
[91m[1mError: [0m{
  "name": "UnknownError",
  "data": {
    "message": "Unexpected server error. Check server logs for details.",
    "ref": "err_c8f443fe"
  }
}
===== ANALYST laguna 2026-09-06 14:18:43 UTC =====
[91m[1mError: [0m{
  "name": "UnknownError",
  "data": {
    "message": "Unexpected server error. Check server logs for details.",
    "ref": "err_7a13c0f2"
  }
}
===== ANALYST laguna 2026-09-06 17:15:23 UTC =====
[91m[1mError: [0m{
  "name": "UnknownError",
  "data": {
    "message": "Unexpected server error. Check server logs for details.",
    "ref": "err_d5fab504"
  }
}
===== ANALYST laguna 2026-09-06 19:33:25 UTC =====
[91m[1mError: [0m{
  "name": "UnknownError",
  "data": {
    "message": "Unexpected server error. Check server logs for details.",
    "ref": "err_354e4333"
  }
}
===== ANALYST laguna 2026-09-06 21:31:01 UTC =====
[91m[1mError: [0m{
  "name": "UnknownError",
  "data": {
    "message": "Unexpected server error. Check server logs for details.",
    "ref": "err_7f4d08e1"
  }
}
===== ANALYST laguna 2026-09-06 23:10:21 UTC =====
[91m[1mError: [0m{
  "name": "UnknownError",
  "data": {
    "message": "Unexpected server error. Check server logs for details.",
    "ref": "err_f4372de1"
  }
}
===== ANALYST laguna 2026-09-07 01:10:34 UTC =====
[91m[1mError: [0m{
  "name": "UnknownError",
  "data": {
    "message": "Unexpected server error. Check server logs for details.",
    "ref": "err_e821f12b"
  }
}
===== ANALYST laguna 2026-09-07 06:14:14 UTC =====
[91m[1mError: [0m{
  "name": "UnknownError",
  "data": {
    "message": "Unexpected server error. Check server logs for details.",
    "ref": "err_f32e8a1b"
  }
}
===== ANALYST laguna 2026-09-07 13:02:47 UTC =====
[91m[1mError: [0m{
  "name": "UnknownError",
  "data": {
    "message": "Unexpected server error. Check server logs for details.",
    "ref": "err_0342ed63"
  }
}
===== ANALYST laguna 2026-09-07 18:17:13 UTC =====
[91m[1mError: [0m{
  "name": "UnknownError",
  "data": {
    "message": "Unexpected server error. Check server logs for details.",
    "ref": "err_d8d9dcda"
  }
}
===== ANALYST laguna 2026-09-07 21:38:03 UTC =====
[91m[1mError: [0m{
  "name": "UnknownError",
  "data": {
    "message": "Unexpected server error. Check server logs for details.",
    "ref": "err_70aa4bbc"
  }
}
===== ANALYST laguna 2026-09-07 23:50:53 UTC =====
[91m[1mError: [0m{
  "name": "UnknownError",
  "data": {
    "message": "Unexpected server error. Check server logs for details.",
    "ref": "err_3d3e305b"
  }
}
===== ANALYST laguna 2026-09-08 03:47:56 UTC =====
[91m[1mError: [0m{
  "name": "UnknownError",
  "data": {
    "message": "Unexpected server error. Check server logs for details.",
    "ref": "err_b6fd4361"
  }
}
===== ANALYST laguna 2026-09-08 08:47:24 UTC =====
[91m[1mError: [0m{
  "name": "UnknownError",
  "data": {
    "message": "Unexpected server error. Check server logs for details.",
    "ref": "err_297b48ff"
  }
}
===== ANALYST laguna 2026-09-08 13:29:53 UTC =====
[91m[1mError: [0m{
  "name": "UnknownError",
  "data": {
    "message": "Unexpected server error. Check server logs for details.",
    "ref": "err_351ebef0"
  }
}
===== ANALYST laguna 2026-09-08 17:34:52 UTC =====
[91m[1mError: [0m{
  "name": "UnknownError",
  "data": {
    "message": "Unexpected server error. Check server logs for details.",
    "ref": "err_c5be8f4e"
  }
}
===== ANALYST laguna 2026-09-08 20:24:31 UTC =====
[91m[1mError: [0m{
  "name": "UnknownError",
  "data": {
    "message": "Unexpected server error. Check server logs for details.",
    "ref": "err_5997241d"
  }
}
===== ANALYST laguna 2026-09-08 22:47:36 UTC =====
[91m[1mError: [0m{
  "name": "UnknownError",
  "data": {
    "message": "Unexpected server error. Check server logs for details.",
    "ref": "err_7edd6245"
  }
}
===== ANALYST laguna 2026-09-09 01:20:26 UTC =====
[91m[1mError: [0m{
  "name": "UnknownError",
  "data": {
    "message": "Unexpected server error. Check server logs for details.",
    "ref": "err_45b44a50"
  }
}
===== ANALYST laguna 2026-09-09 06:14:14 UTC =====
[91m[1mError: [0m{
  "name": "UnknownError",
  "data": {
    "message": "Unexpected server error. Check server logs for details.",
    "ref": "err_f79b6aa5"
  }
}
===== ANALYST laguna 2026-09-09 11:38:19 UTC =====
[91m[1mError: [0m{
  "name": "UnknownError",
  "data": {
    "message": "Unexpected server error. Check server logs for details.",
    "ref": "err_b2c5387c"
  }
}
===== ANALYST laguna 2026-09-09 15:26:52 UTC =====
[91m[1mError: [0m{
  "name": "UnknownError",
  "data": {
    "message": "Unexpected server error. Check server logs for details.",
    "ref": "err_efb76c09"
  }
}
===== ANALYST laguna 2026-09-09 18:43:43 UTC =====
[91m[1mError: [0m{
  "name": "UnknownError",
  "data": {
    "message": "Unexpected server error. Check server logs for details.",
    "ref": "err_135926ab"
  }
}
===== ANALYST laguna 2026-09-09 21:34:28 UTC =====
[91m[1mError: [0m{
  "name": "UnknownError",
  "data": {
    "message": "Unexpected server error. Check server logs for details.",
    "ref": "err_342cca9f"
  }
}
===== ANALYST laguna 2026-09-09 23:34:20 UTC =====
[91m[1mError: [0m{
  "name": "UnknownError",
  "data": {
    "message": "Unexpected server error. Check server logs for details.",
    "ref": "err_39628d8d"
  }
}
===== ANALYST laguna 2026-09-10 01:30:52 UTC =====
[91m[1mError: [0m{
  "name": "UnknownError",
  "data": {
    "message": "Unexpected server error. Check server logs for details.",
    "ref": "err_a3e1fdc4"
  }
}
===== ANALYST laguna 2026-09-10 06:51:22 UTC =====
[91m[1mError: [0m{
  "name": "UnknownError",
  "data": {
    "message": "Unexpected server error. Check server logs for details.",
    "ref": "err_77d4af28"
  }
}
===== ANALYST laguna 2026-09-10 11:55:06 UTC =====
[91m[1mError: [0m{
  "name": "UnknownError",
  "data": {
    "message": "Unexpected server error. Check server logs for details.",
    "ref": "err_83fd2451"
  }
}
===== ANALYST laguna 2026-09-10 16:06:24 UTC =====
[91m[1mError: [0m{
  "name": "UnknownError",
  "data": {
    "message": "Unexpected server error. Check server logs for details.",
    "ref": "err_59ba2672"
  }
}
===== ANALYST laguna 2026-09-10 19:11:27 UTC =====
[91m[1mError: [0m{
  "name": "UnknownError",
  "data": {
    "message": "Unexpected server error. Check server logs for details.",
    "ref": "err_41e06cf2"
  }
}
===== ANALYST laguna 2026-09-10 21:45:08 UTC =====
[91m[1mError: [0m{
  "name": "UnknownError",
  "data": {
    "message": "Unexpected server error. Check server logs for details.",
    "ref": "err_752473c9"
  }
}
===== ANALYST laguna 2026-09-10 23:53:16 UTC =====
[91m[1mError: [0m{
  "name": "UnknownError",
  "data": {
    "message": "Unexpected server error. Check server logs for details.",
    "ref": "err_485b5c51"
  }
}
===== ANALYST laguna 2026-09-11 03:49:15 UTC =====
[91m[1mError: [0m{
  "name": "UnknownError",
  "data": {
    "message": "Unexpected server error. Check server logs for details.",
    "ref": "err_33be5dd5"
  }
}
===== ANALYST laguna 2026-09-11 08:51:48 UTC =====
[91m[1mError: [0m{
  "name": "UnknownError",
  "data": {
    "message": "Unexpected server error. Check server logs for details.",
    "ref": "err_7b5d7a7c"
  }
}
===== ANALYST laguna 2026-09-11 13:35:51 UTC =====
[91m[1mError: [0m{
  "name": "UnknownError",
  "data": {
    "message": "Unexpected server error. Check server logs for details.",
    "ref": "err_57b2503d"
  }
}
===== ANALYST laguna 2026-09-11 17:15:33 UTC =====
[91m[1mError: [0m{
  "name": "UnknownError",
  "data": {
    "message": "Unexpected server error. Check server logs for details.",
    "ref": "err_872b1db4"
  }
}
===== ANALYST laguna 2026-09-11 19:53:48 UTC =====
[91m[1mError: [0m{
  "name": "UnknownError",
  "data": {
    "message": "Unexpected server error. Check server logs for details.",
    "ref": "err_09dd0228"
  }
}
===== ANALYST laguna 2026-09-11 22:23:18 UTC =====
[91m[1mError: [0m{
  "name": "UnknownError",
  "data": {
    "message": "Unexpected server error. Check server logs for details.",
    "ref": "err_f0a0d3a2"
  }
}
===== ANALYST laguna 2026-09-12 00:42:49 UTC =====
[91m[1mError: [0m{
  "name": "UnknownError",
  "data": {
    "message": "Unexpected server error. Check server logs for details.",
    "ref": "err_0f590573"
  }
}
===== ANALYST laguna 2026-09-12 05:08:13 UTC =====
[91m[1mError: [0m{
  "name": "UnknownError",
  "data": {
    "message": "Unexpected server error. Check server logs for details.",
    "ref": "err_c01422a7"
  }
}
