===== ANALYST longcat 2026-09-03 17:06:41 UTC =====
[91m[1mError: [0m{
  "name": "UnknownError",
  "data": {
    "message": "Unexpected server error. Check server logs for details.",
    "ref": "err_d66f350b"
  }
}
===== ANALYST longcat 2026-09-03 19:50:40 UTC =====
[91m[1mError: [0m{
  "name": "UnknownError",
  "data": {
    "message": "Unexpected server error. Check server logs for details.",
    "ref": "err_1e7630bc"
  }
}
===== ANALYST longcat 2026-09-03 22:27:33 UTC =====
[91m[1mError: [0m{
  "name": "UnknownError",
  "data": {
    "message": "Unexpected server error. Check server logs for details.",
    "ref": "err_9675a4dc"
  }
}
===== ANALYST longcat 2026-09-04 00:31:30 UTC =====
[91m[1mError: [0m{
  "name": "UnknownError",
  "data": {
    "message": "Unexpected server error. Check server logs for details.",
    "ref": "err_e0e734b8"
  }
}
===== ANALYST longcat 2026-09-04 05:15:50 UTC =====
[91m[1mError: [0m{
  "name": "UnknownError",
  "data": {
    "message": "Unexpected server error. Check server logs for details.",
    "ref": "err_4d57343a"
  }
}
===== ANALYST longcat 2026-09-04 09:47:59 UTC =====
[91m[1mError: [0m{
  "name": "UnknownError",
  "data": {
    "message": "Unexpected server error. Check server logs for details.",
    "ref": "err_ad47f3cf"
  }
}
===== ANALYST longcat 2026-09-04 14:13:20 UTC =====
[91m[1mError: [0m{
  "name": "UnknownError",
  "data": {
    "message": "Unexpected server error. Check server logs for details.",
    "ref": "err_0f4e6fbf"
  }
}
===== ANALYST longcat 2026-09-04 17:48:30 UTC =====
[91m[1mError: [0m{
  "name": "UnknownError",
  "data": {
    "message": "Unexpected server error. Check server logs for details.",
    "ref": "err_fd29be86"
  }
}
===== ANALYST longcat 2026-09-04 20:06:39 UTC =====
[91m[1mError: [0m{
  "name": "UnknownError",
  "data": {
    "message": "Unexpected server error. Check server logs for details.",
    "ref": "err_311f32e7"
  }
}
===== ANALYST longcat 2026-09-04 22:16:28 UTC =====
[91m[1mError: [0m{
  "name": "UnknownError",
  "data": {
    "message": "Unexpected server error. Check server logs for details.",
    "ref": "err_41eb42f1"
  }
}
===== ANALYST longcat 2026-09-05 00:13:47 UTC =====
[91m[1mError: [0m{
  "name": "UnknownError",
  "data": {
    "message": "Unexpected server error. Check server logs for details.",
    "ref": "err_777c15d0"
  }
}
===== ANALYST longcat 2026-09-05 04:42:31 UTC =====
[91m[1mError: [0m{
  "name": "UnknownError",
  "data": {
    "message": "Unexpected server error. Check server logs for details.",
    "ref": "err_3aa0d54e"
  }
}
===== ANALYST longcat 2026-09-05 08:47:48 UTC =====
[91m[1mError: [0m{
  "name": "UnknownError",
  "data": {
    "message": "Unexpected server error. Check server logs for details.",
    "ref": "err_c60bfab3"
  }
}
===== ANALYST longcat 2026-09-05 12:24:14 UTC =====
[91m[1mError: [0m{
  "name": "UnknownError",
  "data": {
    "message": "Unexpected server error. Check server logs for details.",
    "ref": "err_8fc2ae1f"
  }
}
===== ANALYST longcat 2026-09-05 15:25:18 UTC =====
[91m[1mError: [0m{
  "name": "UnknownError",
  "data": {
    "message": "Unexpected server error. Check server logs for details.",
    "ref": "err_7e91ce57"
  }
}
===== ANALYST longcat 2026-09-05 17:41:27 UTC =====
[91m[1mError: [0m{
  "name": "UnknownError",
  "data": {
    "message": "Unexpected server error. Check server logs for details.",
    "ref": "err_36f89b88"
  }
}
===== ANALYST longcat 2026-09-05 19:35:16 UTC =====
[91m[1mError: [0m{
  "name": "UnknownError",
  "data": {
    "message": "Unexpected server error. Check server logs for details.",
    "ref": "err_8de1c5b0"
  }
}
===== ANALYST longcat 2026-09-05 21:46:55 UTC =====
[91m[1mError: [0m{
  "name": "UnknownError",
  "data": {
    "message": "Unexpected server error. Check server logs for details.",
    "ref": "err_4c65be94"
  }
}
===== ANALYST longcat 2026-09-05 23:40:37 UTC =====
[91m[1mError: [0m{
  "name": "UnknownError",
  "data": {
    "message": "Unexpected server error. Check server logs for details.",
    "ref": "err_9e7e2c8c"
  }
}
===== ANALYST longcat 2026-09-06 01:22:41 UTC =====
[91m[1mError: [0m{
  "name": "UnknownError",
  "data": {
    "message": "Unexpected server error. Check server logs for details.",
    "ref": "err_3ef19017"
  }
}
===== ANALYST longcat 2026-09-06 06:13:52 UTC =====
[91m[1mError: [0m{
  "name": "UnknownError",
  "data": {
    "message": "Unexpected server error. Check server logs for details.",
    "ref": "err_2e14cd08"
  }
}
===== ANALYST longcat 2026-09-06 11:13:25 UTC =====
[91m[1mError: [0m{
  "name": "UnknownError",
  "data": {
    "message": "Unexpected server error. Check server logs for details.",
    "ref": "err_8914c5bb"
  }
}
===== ANALYST longcat 2026-09-06 14:18:43 UTC =====
[91m[1mError: [0m{
  "name": "UnknownError",
  "data": {
    "message": "Unexpected server error. Check server logs for details.",
    "ref": "err_1752aa25"
  }
}
===== ANALYST longcat 2026-09-06 17:15:23 UTC =====
[91m[1mError: [0m{
  "name": "UnknownError",
  "data": {
    "message": "Unexpected server error. Check server logs for details.",
    "ref": "err_1756fa42"
  }
}
===== ANALYST longcat 2026-09-06 19:33:25 UTC =====
[91m[1mError: [0m{
  "name": "UnknownError",
  "data": {
    "message": "Unexpected server error. Check server logs for details.",
    "ref": "err_76fa7a8e"
  }
}
===== ANALYST longcat 2026-09-06 21:31:01 UTC =====
[91m[1mError: [0m{
  "name": "UnknownError",
  "data": {
    "message": "Unexpected server error. Check server logs for details.",
    "ref": "err_c134246a"
  }
}
===== ANALYST longcat 2026-09-06 23:10:21 UTC =====
[91m[1mError: [0m{
  "name": "UnknownError",
  "data": {
    "message": "Unexpected server error. Check server logs for details.",
    "ref": "err_4d6d9a26"
  }
}
===== ANALYST longcat 2026-09-07 01:10:34 UTC =====
[91m[1mError: [0m{
  "name": "UnknownError",
  "data": {
    "message": "Unexpected server error. Check server logs for details.",
    "ref": "err_fad41094"
  }
}
===== ANALYST longcat 2026-09-07 06:14:14 UTC =====
[91m[1mError: [0m{
  "name": "UnknownError",
  "data": {
    "message": "Unexpected server error. Check server logs for details.",
    "ref": "err_59983027"
  }
}
===== ANALYST longcat 2026-09-07 13:02:47 UTC =====
[91m[1mError: [0m{
  "name": "UnknownError",
  "data": {
    "message": "Unexpected server error. Check server logs for details.",
    "ref": "err_f8f0751f"
  }
}
===== ANALYST longcat 2026-09-07 18:17:13 UTC =====
[91m[1mError: [0m{
  "name": "UnknownError",
  "data": {
    "message": "Unexpected server error. Check server logs for details.",
    "ref": "err_15c8d78a"
  }
}
===== ANALYST longcat 2026-09-07 21:38:03 UTC =====
[91m[1mError: [0m{
  "name": "UnknownError",
  "data": {
    "message": "Unexpected server error. Check server logs for details.",
    "ref": "err_95b5955e"
  }
}
===== ANALYST longcat 2026-09-07 23:50:53 UTC =====
[91m[1mError: [0m{
  "name": "UnknownError",
  "data": {
    "message": "Unexpected server error. Check server logs for details.",
    "ref": "err_d3a52479"
  }
}
===== ANALYST longcat 2026-09-08 03:47:56 UTC =====
[91m[1mError: [0m{
  "name": "UnknownError",
  "data": {
    "message": "Unexpected server error. Check server logs for details.",
    "ref": "err_b94a1bac"
  }
}
===== ANALYST longcat 2026-09-08 08:47:24 UTC =====
[91m[1mError: [0m{
  "name": "UnknownError",
  "data": {
    "message": "Unexpected server error. Check server logs for details.",
    "ref": "err_6e74f2e9"
  }
}
===== ANALYST longcat 2026-09-08 13:29:53 UTC =====
[91m[1mError: [0m{
  "name": "UnknownError",
  "data": {
    "message": "Unexpected server error. Check server logs for details.",
    "ref": "err_3ce5a80f"
  }
}
===== ANALYST longcat 2026-09-08 17:34:52 UTC =====
[91m[1mError: [0m{
  "name": "UnknownError",
  "data": {
    "message": "Unexpected server error. Check server logs for details.",
    "ref": "err_fce40857"
  }
}
===== ANALYST longcat 2026-09-08 20:24:31 UTC =====
[91m[1mError: [0m{
  "name": "UnknownError",
  "data": {
    "message": "Unexpected server error. Check server logs for details.",
    "ref": "err_bed3a32c"
  }
}
===== ANALYST longcat 2026-09-08 22:47:36 UTC =====
[91m[1mError: [0m{
  "name": "UnknownError",
  "data": {
    "message": "Unexpected server error. Check server logs for details.",
    "ref": "err_98c0de9b"
  }
}
===== ANALYST longcat 2026-09-09 01:20:26 UTC =====
[91m[1mError: [0m{
  "name": "UnknownError",
  "data": {
    "message": "Unexpected server error. Check server logs for details.",
    "ref": "err_6f80a7a6"
  }
}
===== ANALYST longcat 2026-09-09 06:14:14 UTC =====
[91m[1mError: [0m{
  "name": "UnknownError",
  "data": {
    "message": "Unexpected server error. Check server logs for details.",
    "ref": "err_3021077f"
  }
}
===== ANALYST longcat 2026-09-09 11:38:19 UTC =====
[91m[1mError: [0m{
  "name": "UnknownError",
  "data": {
    "message": "Unexpected server error. Check server logs for details.",
    "ref": "err_cbf19708"
  }
}
===== ANALYST longcat 2026-09-09 15:26:52 UTC =====
[91m[1mError: [0m{
  "name": "UnknownError",
  "data": {
    "message": "Unexpected server error. Check server logs for details.",
    "ref": "err_6f828d52"
  }
}
===== ANALYST longcat 2026-09-09 18:43:43 UTC =====
[91m[1mError: [0m{
  "name": "UnknownError",
  "data": {
    "message": "Unexpected server error. Check server logs for details.",
    "ref": "err_ccce8a9a"
  }
}
===== ANALYST longcat 2026-09-09 21:34:28 UTC =====
[91m[1mError: [0m{
  "name": "UnknownError",
  "data": {
    "message": "Unexpected server error. Check server logs for details.",
    "ref": "err_bb95f840"
  }
}
===== ANALYST longcat 2026-09-09 23:34:20 UTC =====
[91m[1mError: [0m{
  "name": "UnknownError",
  "data": {
    "message": "Unexpected server error. Check server logs for details.",
    "ref": "err_4a8c3fbb"
  }
}
===== ANALYST longcat 2026-09-10 01:30:52 UTC =====
[91m[1mError: [0m{
  "name": "UnknownError",
  "data": {
    "message": "Unexpected server error. Check server logs for details.",
    "ref": "err_9b2b5fa1"
  }
}
===== ANALYST longcat 2026-09-10 06:51:22 UTC =====
[91m[1mError: [0m{
  "name": "UnknownError",
  "data": {
    "message": "Unexpected server error. Check server logs for details.",
    "ref": "err_364cf6b3"
  }
}
===== ANALYST longcat 2026-09-10 11:55:06 UTC =====
[91m[1mError: [0m{
  "name": "UnknownError",
  "data": {
    "message": "Unexpected server error. Check server logs for details.",
    "ref": "err_a4b251f1"
  }
}
===== ANALYST longcat 2026-09-10 16:06:24 UTC =====
[91m[1mError: [0m{
  "name": "UnknownError",
  "data": {
    "message": "Unexpected server error. Check server logs for details.",
    "ref": "err_87e05ffc"
  }
}
===== ANALYST longcat 2026-09-10 19:11:27 UTC =====
[91m[1mError: [0m{
  "name": "UnknownError",
  "data": {
    "message": "Unexpected server error. Check server logs for details.",
    "ref": "err_a8156dcb"
  }
}
===== ANALYST longcat 2026-09-10 21:45:08 UTC =====
[91m[1mError: [0m{
  "name": "UnknownError",
  "data": {
    "message": "Unexpected server error. Check server logs for details.",
    "ref": "err_c6ff204f"
  }
}
===== ANALYST longcat 2026-09-10 23:53:16 UTC =====
[91m[1mError: [0m{
  "name": "UnknownError",
  "data": {
    "message": "Unexpected server error. Check server logs for details.",
    "ref": "err_5bb92e45"
  }
}
===== ANALYST longcat 2026-09-11 03:49:15 UTC =====
[91m[1mError: [0m{
  "name": "UnknownError",
  "data": {
    "message": "Unexpected server error. Check server logs for details.",
    "ref": "err_77108310"
  }
}
===== ANALYST longcat 2026-09-11 08:51:48 UTC =====
[91m[1mError: [0m{
  "name": "UnknownError",
  "data": {
    "message": "Unexpected server error. Check server logs for details.",
    "ref": "err_9296e83e"
  }
}
===== ANALYST longcat 2026-09-11 13:35:51 UTC =====
[91m[1mError: [0m{
  "name": "UnknownError",
  "data": {
    "message": "Unexpected server error. Check server logs for details.",
    "ref": "err_d0bbcab2"
  }
}
===== ANALYST longcat 2026-09-11 17:15:33 UTC =====
[91m[1mError: [0m{
  "name": "UnknownError",
  "data": {
    "message": "Unexpected server error. Check server logs for details.",
    "ref": "err_116c9e2d"
  }
}
===== ANALYST longcat 2026-09-11 19:53:48 UTC =====
[91m[1mError: [0m{
  "name": "UnknownError",
  "data": {
    "message": "Unexpected server error. Check server logs for details.",
    "ref": "err_3f039c97"
  }
}
===== ANALYST longcat 2026-09-11 22:23:18 UTC =====
[91m[1mError: [0m{
  "name": "UnknownError",
  "data": {
    "message": "Unexpected server error. Check server logs for details.",
    "ref": "err_6c7e5b72"
  }
}
===== ANALYST longcat 2026-09-12 00:42:49 UTC =====
[91m[1mError: [0m{
  "name": "UnknownError",
  "data": {
    "message": "Unexpected server error. Check server logs for details.",
    "ref": "err_985f94fc"
  }
}
